<?xml version="1.0" encoding="UTF-8" standalone="no"?>
<!DOCTYPE log SYSTEM "logger.dtd">
<log>
<record>
  <date>2026-08-15T12:32:31.951177500Z</date>
  <millis>1786797151951</millis>
  <nanos>177500</nanos>
  <sequence>1</sequence>
  <logger>MyLoggerTest</logger>
  <level>INFO</level>
  <class>com.company.ucell_service.service.FileService</class>
  <method>createDefaultSuperAdmin</method>
  <thread>1</thread>
  <message>2026-08-15T17:32:31.951177500--&gt; Users{id=2794459958919134460, username='root', email='root@gmail.com', passwordHash='root123', role=SUPER_ADMIN, registeredAt=2026-08-15T17:32:31.951177500}</message>
</record>
</log>
<?xml version="1.0" encoding="UTF-8" standalone="no"?>
<!DOCTYPE log SYSTEM "logger.dtd">
<log>
<record>
  <date>2026-08-15T12:39:34.753953Z</date>
  <millis>1786797574753</millis>
  <nanos>953000</nanos>
  <sequence>1</sequence>
  <logger>MyLoggerTest</logger>
  <level>INFO</level>
  <class>com.company.ucell_service.service.FileService</class>
  <method>createDefaultSuperAdmin</method>
  <thread>1</thread>
  <message>SuperAdmin Already created!!</message>
</record>
<record>
  <date>2026-08-15T12:39:35.814720100Z</date>
  <millis>1786797575814</millis>
  <nanos>720100</nanos>
  <sequence>3</sequence>
  <logger>MyLoggerTest</logger>
  <level>INFO</level>
  <class>com.company.ucell_service.service.FileService</class>
  <method>createUser</method>
  <thread>1</thread>
  <message>2026-08-15T17:39:35.814720100Users{id=null, username='null', email='null', passwordHash='null', role=SUPER_ADMIN, registeredAt=null}</message>
</record>
</log>
<?xml version="1.0" encoding="UTF-8" standalone="no"?>
<!DOCTYPE log SYSTEM "logger.dtd">
<log>
<record>
  <date>2026-08-15T15:31:14.416086818Z</date>
  <millis>1786807874416</millis>
  <nanos>86818</nanos>
  <sequence>1</sequence>
  <logger>MyLoggerTest</logger>
  <level>INFO</level>
  <class>com.company.ucell_service.service.FileService</class>
  <method>createDefaultSuperAdmin</method>
  <thread>1</thread>
  <message>SuperAdmin Already created!!</message>
</record>
</log>
<?xml version="1.0" encoding="UTF-8" standalone="no"?>
<!DOCTYPE log SYSTEM "logger.dtd">
<log>
<record>
  <date>2026-08-15T15:33:09.423499675Z</date>
  <millis>1786807989423</millis>
  <nanos>499675</nanos>
  <sequence>1</sequence>
  <logger>MyLoggerTest</logger>
  <level>INFO</level>
  <class>com.company.ucell_service.service.FileService</class>
  <method>createDefaultSuperAdmin</method>
  <thread>1</thread>
  <message>SuperAdmin Already created!!</message>
</record>
</log>
